// Jest Snapshot v1, https://goo.gl/fbAQLP

exports[`BST insertion 1`] = `
│       ┌── 19
│   ┌── 18
│   │   │   ┌── 17
│   │   └── 15
│   │       └── 13
└── 12
    │   ┌── 9
    └── 5
        └── 2

`;

exports[`createBST 1`] = `
│       ┌── 20
│   ┌── 18
│   │   └── 17
└── 15
    │       ┌── 13
    │       │   └── 9
    │   ┌── 7
    └── 6
        │   ┌── 4
        └── 3
            └── 2

`;
