// Jest Snapshot v1, https://goo.gl/fbAQLP

exports[`LCS directions 1`] = `
Array [
  Array [
    undefined,
    undefined,
    undefined,
    undefined,
    undefined,
    undefined,
    undefined,
  ],
  Array [
    undefined,
    "↑",
    "↑",
    "↑",
    "↖",
    "←",
    "↖",
  ],
  Array [
    undefined,
    "↖",
    "←",
    "←",
    "↑",
    "↖",
    "←",
  ],
  Array [
    undefined,
    "↑",
    "↑",
    "↖",
    "←",
    "↑",
    "↑",
  ],
  Array [
    undefined,
    "↖",
    "↑",
    "↑",
    "↑",
    "↖",
    "←",
  ],
  Array [
    undefined,
    "↑",
    "↖",
    "↑",
    "↑",
    "↑",
    "↑",
  ],
  Array [
    undefined,
    "↑",
    "↑",
    "↑",
    "↖",
    "↑",
    "↖",
  ],
  Array [
    undefined,
    "↖",
    "↑",
    "↑",
    "↑",
    "↖",
    "↑",
  ],
]
`;

exports[`LCS subsequences lengths 1`] = `
Array [
  Array [
    0,
    0,
    0,
    0,
    0,
    0,
    0,
  ],
  Array [
    0,
    0,
    0,
    0,
    1,
    1,
    1,
  ],
  Array [
    0,
    1,
    1,
    1,
    1,
    2,
    2,
  ],
  Array [
    0,
    1,
    1,
    2,
    2,
    2,
    2,
  ],
  Array [
    0,
    1,
    1,
    2,
    2,
    3,
    3,
  ],
  Array [
    0,
    1,
    2,
    2,
    2,
    3,
    3,
  ],
  Array [
    0,
    1,
    2,
    2,
    3,
    3,
    4,
  ],
  Array [
    0,
    1,
    2,
    2,
    3,
    4,
    4,
  ],
]
`;
